// Jest Snapshot v1, https://goo.gl/fbAQLP

exports[`DONUTCHART COMPONENT snapchat correctly 1`] = `
<div>
  <svg
    height={400}
    width={300}
  >
    <g
      transform="translate(150,200)"
    >
      <Slice
        colors={
          Array [
            "#47d147",
            "#006600",
          ]
        }
        key="19"
        pie={
          Array [
            Object {
              "data": 60,
              "endAngle": 3.769911184307752,
              "index": 0,
              "padAngle": 0,
              "startAngle": 0,
              "value": 60,
            },
            Object {
              "data": 40,
              "endAngle": 6.283185307179586,
              "index": 1,
              "padAngle": 0,
              "startAngle": 3.769911184307752,
              "value": 40,
            },
          ]
        }
      />
      <text
        key="20"
        y="-1em"
      >
        REVENUE
      </text>
      <text
        key="21"
        y="0.6em"
      />
      <LineChart
        color="#47d147"
        data={
          Array [
            Object {
              "id": 1,
              "value": 1.1,
            },
            Object {
              "id": 2,
              "value": 2.2,
            },
            Object {
              "id": 3,
              "value": 1.8,
            },
            Object {
              "id": 4,
              "value": 3.2,
            },
            Object {
              "id": 5,
              "value": 2.5,
            },
            Object {
              "id": 6,
              "value": 5.2,
            },
            Object {
              "id": 7,
              "value": 4.6,
            },
            Object {
              "id": 8,
              "value": 6.3,
            },
            Object {
              "id": 9,
              "value": 4.8,
            },
          ]
        }
        height={200}
        margin={1}
        width={400}
      />
    </g>
  </svg>
</div>
`;
